// Jest Snapshot v1, https://goo.gl/fbAQLP

exports[`SearchForm renders correctly 1`] = `
<div
  id="searchForm"
>
  <input
    class=""
    placeholder="Search ..."
  />
   
  <button>
    Submit
  </button>
   
  <!---->
</div>
`;
