// Jest Snapshot v1, https://goo.gl/fbAQLP

exports[`WordList renders correctly 1`] = `
<div
  id="wordList"
>
  <ul />
</div>
`;
